------------------------------------------------------------------------------------------------------------------------------------------------------------------------------------
      name:  <unnamed>
       log:  /Users/matthewspitzer/Desktop/EITC/Programs/20a.iv_DescriptiveStats.log
  log type:  text
 opened on:  27 Apr 2023, 14:16:51

. 
. // bring in data
. use "/Users/matthewspitzer/Desktop/EITC/Intermediate/cps00002.dta", clear

. 
. // clean missing values
. mvdecode _all, mv(9999)
      serial: 11 missing values generated
     eitcred: 174673 missing values generated
eitcred_head: 4 missing values generated
eitcred_mom2: 2 missing values generated

. 
. // create variable to answer:
. /* How many people are there such that:
> (a) in 1992, filed taxes (i.e. were not non-filers) and did not receive EITC
> (b) in 1993, filed and received some non-zero amount of EITC */
. 
. /* plan:
> clean missing values
> create year variable with just last two digits
> reshape the data wide, using this year variable
> only keep the following variables: cpsid filestat eitc
> now data will be at cpsid (household) level
> create four variables:
> - filed 1992 dummy
> - filed 1993 dummy
> - nonzero EITC 1992 dummy
> - nonzero EITC 1993 dummy
> tabulate these four
> */
. exit

end of do-file


. des *mar*

              storage   display    value
variable name   type    format     label      variable label
------------------------------------------------------------------------------------------------------------------------------------------------------------------------------------
marbasecidp     double  %10.0f                Unique identifier for linking March Basic to ASEC
marbasecidp_h~d double  %10.0f                Unique identifier for linking March Basic to ASEC [of Location of householder]
marbasecidp_mom double  %10.0f                Unique identifier for linking March Basic to ASEC [of Person number of first mot
marbasecidp_m~2 double  %10.0f                Unique identifier for linking March Basic to ASEC [of Person number of second mo

. des *sex*
variable *sex* not found
r(111);

. des *gen*
variable *gen* not found
r(111);

. des *mal*
variable *mal* not found
r(111);

. exit, clear
